[    0.000000] Linux version 4.15.0-166-generic (buildd@lgw01-amd64-012) (gcc version 7.5.0 (Ubuntu 7.5.0-3ubuntu1~18.04)) #174-Ubuntu SMP Wed Dec 8 19:07:44 UTC 2021 (Ubuntu 4.15.0-166.174-generic 4.15.18)
[    0.000000] Command line: BOOT_IMAGE=/boot/vmlinuz-4.15.0-166-generic root=LABEL=cloudimg-rootfs ro console=tty1 console=ttyS0
[    0.000000] KERNEL supported cpus:
[    0.000000]   Intel GenuineIntel
[    0.000000]   AMD AuthenticAMD
[    0.000000]   Centaur CentaurHauls
[    0.000000] x86/fpu: x87 FPU will use FXSAVE
[    0.000000] e820: BIOS-provided physical RAM map:
[    0.000000] BIOS-e820: [mem 0x0000000000000000-0x000000000009fbff] usable
[    0.000000] BIOS-e820: [mem 0x000000000009fc00-0x000000000009ffff] reserved
[    0.000000] BIOS-e820: [mem 0x00000000000f0000-0x00000000000fffff] reserved
[    0.000000] BIOS-e820: [mem 0x0000000000100000-0x000000003ffeffff] usable
[    0.000000] BIOS-e820: [mem 0x000000003fff0000-0x000000003fffffff] ACPI data
[    0.000000] BIOS-e820: [mem 0x00000000fec00000-0x00000000fec00fff] reserved
[    0.000000] BIOS-e820: [mem 0x00000000fee00000-0x00000000fee00fff] reserved
[    0.000000] BIOS-e820: [mem 0x00000000fffc0000-0x00000000ffffffff] reserved
[    0.000000] NX (Execute Disable) protection: active
[    0.000000] SMBIOS 2.5 present.
[    0.000000] DMI: innotek GmbH VirtualBox/VirtualBox, BIOS VirtualBox 12/01/2006
[    0.000000] Hypervisor detected: KVM
[    0.000000] e820: last_pfn = 0x3fff0 max_arch_pfn = 0x400000000
[    0.000000] MTRR: Disabled
[    0.000000] x86/PAT: MTRRs disabled, skipping PAT initialization too.
[    0.000000] CPU MTRRs all blank - virtualized system.
[    0.000000] x86/PAT: Configuration [0-7]: WB  WT  UC- UC  WB  WT  UC- UC  
[    0.000000] found SMP MP-table at [mem 0x0009fff0-0x0009ffff]
[    0.000000] Scanning 1 areas for low memory corruption
[    0.000000] RAMDISK: [mem 0x359c9000-0x36cdbfff]
[    0.000000] ACPI: Early table checksum verification disabled
[    0.000000] ACPI: RSDP 0x00000000000E0000 000024 (v02 VBOX  )
[    0.000000] ACPI: XSDT 0x000000003FFF0030 00003C (v01 VBOX   VBOXXSDT 00000001 ASL  00000061)
[    0.000000] ACPI: FACP 0x000000003FFF00F0 0000F4 (v04 VBOX   VBOXFACP 00000001 ASL  00000061)
[    0.000000] ACPI: DSDT 0x000000003FFF0470 002325 (v02 VBOX   VBOXBIOS 00000002 INTL 20100528)
[    0.000000] ACPI: FACS 0x000000003FFF0200 000040
[    0.000000] ACPI: FACS 0x000000003FFF0200 000040
[    0.000000] ACPI: APIC 0x000000003FFF0240 00005C (v02 VBOX   VBOXAPIC 00000001 ASL  00000061)
[    0.000000] ACPI: SSDT 0x000000003FFF02A0 0001CC (v01 VBOX   VBOXCPUT 00000002 INTL 20100528)
[    0.000000] ACPI: Reserving FACP table memory at [mem 0x3fff00f0-0x3fff01e3]
[    0.000000] ACPI: Reserving DSDT table memory at [mem 0x3fff0470-0x3fff2794]
[    0.000000] ACPI: Reserving FACS table memory at [mem 0x3fff0200-0x3fff023f]
[    0.000000] ACPI: Reserving FACS table memory at [mem 0x3fff0200-0x3fff023f]
[    0.000000] ACPI: Reserving APIC table memory at [mem 0x3fff0240-0x3fff029b]
[    0.000000] ACPI: Reserving SSDT table memory at [mem 0x3fff02a0-0x3fff046b]
[    0.000000] No NUMA configuration found
[    0.000000] Faking a node at [mem 0x0000000000000000-0x000000003ffeffff]
[    0.000000] NODE_DATA(0) allocated [mem 0x3ffc5000-0x3ffeffff]
[    0.000000] kvm-clock: cpu 0, msr 0:3ff44001, primary cpu clock
[    0.000000] kvm-clock: Using msrs 4b564d01 and 4b564d00
[    0.000000] kvm-clock: using sched offset of 8108120466 cycles
[    0.000000] clocksource: kvm-clock: mask: 0xffffffffffffffff max_cycles: 0x1cd42e4dffb, max_idle_ns: 881590591483 ns
[    0.000000] Zone ranges:
[    0.000000]   DMA      [mem 0x0000000000001000-0x0000000000ffffff]
[    0.000000]   DMA32    [mem 0x0000000001000000-0x000000003ffeffff]
[    0.000000]   Normal   empty
[    0.000000]   Device   empty
[    0.000000] Movable zone start for each node
[    0.000000] Early memory node ranges
[    0.000000]   node   0: [mem 0x0000000000001000-0x000000000009efff]
[    0.000000]   node   0: [mem 0x0000000000100000-0x000000003ffeffff]
[    0.000000] Reserved but unavailable: 104 pages
[    0.000000] Initmem setup node 0 [mem 0x0000000000001000-0x000000003ffeffff]
[    0.000000] ACPI: PM-Timer IO Port: 0x4008
[    0.000000] IOAPIC[0]: apic_id 2, version 32, address 0xfec00000, GSI 0-23
[    0.000000] ACPI: INT_SRC_OVR (bus 0 bus_irq 0 global_irq 2 dfl dfl)
[    0.000000] ACPI: INT_SRC_OVR (bus 0 bus_irq 9 global_irq 9 low level)
[    0.000000] Using ACPI (MADT) for SMP configuration information
[    0.000000] smpboot: Allowing 2 CPUs, 0 hotplug CPUs
[    0.000000] PM: Registered nosave memory: [mem 0x00000000-0x00000fff]
[    0.000000] PM: Registered nosave memory: [mem 0x0009f000-0x0009ffff]
[    0.000000] PM: Registered nosave memory: [mem 0x000a0000-0x000effff]
[    0.000000] PM: Registered nosave memory: [mem 0x000f0000-0x000fffff]
[    0.000000] e820: [mem 0x40000000-0xfebfffff] available for PCI devices
[    0.000000] Booting paravirtualized kernel on KVM
[    0.000000] clocksource: refined-jiffies: mask: 0xffffffff max_cycles: 0xffffffff, max_idle_ns: 7645519600211568 ns
[    0.000000] random: get_random_bytes called from start_kernel+0x99/0x500 with crng_init=0
[    0.000000] setup_percpu: NR_CPUS:8192 nr_cpumask_bits:2 nr_cpu_ids:2 nr_node_ids:1
[    0.000000] percpu: Embedded 45 pages/cpu s147456 r8192 d28672 u1048576
[    0.000000] PV qspinlock hash table entries: 256 (order: 0, 4096 bytes)
[    0.000000] Built 1 zonelists, mobility grouping on.  Total pages: 257913
[    0.000000] Policy zone: DMA32
[    0.000000] Kernel command line: BOOT_IMAGE=/boot/vmlinuz-4.15.0-166-generic root=LABEL=cloudimg-rootfs ro console=tty1 console=ttyS0
[    0.000000] Memory: 982704K/1048120K available (12300K kernel code, 2483K rwdata, 4320K rodata, 2448K init, 2724K bss, 65416K reserved, 0K cma-reserved)
[    0.000000] SLUB: HWalign=64, Order=0-3, MinObjects=0, CPUs=2, Nodes=1
[    0.000000] Kernel/User page tables isolation: enabled
[    0.000000] ftrace: allocating 39491 entries in 155 pages
[    0.004000] Hierarchical RCU implementation.
[    0.004000] 	RCU restricting CPUs from NR_CPUS=8192 to nr_cpu_ids=2.
[    0.004000] 	Tasks RCU enabled.
[    0.004000] RCU: Adjusting geometry for rcu_fanout_leaf=16, nr_cpu_ids=2
[    0.004000] NR_IRQS: 524544, nr_irqs: 440, preallocated irqs: 16
[    0.004000] Console: colour VGA+ 80x25
[    0.004000] console [tty1] enabled
[    0.004000] console [ttyS0] enabled
[    0.004000] ACPI: Core revision 20170831
[    0.004000] ACPI: 2 ACPI AML tables successfully acquired and loaded
[    0.004000] APIC: Switch to symmetric I/O mode setup
[    0.004000] ..TIMER: vector=0x30 apic1=0 pin1=2 apic2=-1 pin2=-1
[    0.004000] tsc: Detected 2495.998 MHz processor
[    0.004000] Calibrating delay loop (skipped) preset value.. 4991.99 BogoMIPS (lpj=9983992)
[    0.004005] pid_max: default: 32768 minimum: 301
[    0.008101] Security Framework initialized
[    0.012004] Yama: becoming mindful.
[    0.016115] AppArmor: AppArmor initialized
[    0.036007] Dentry cache hash table entries: 131072 (order: 8, 1048576 bytes)
[    0.045608] Inode-cache hash table entries: 65536 (order: 7, 524288 bytes)
[    0.048103] Mount-cache hash table entries: 2048 (order: 2, 16384 bytes)
[    0.052103] Mountpoint-cache hash table entries: 2048 (order: 2, 16384 bytes)
[    0.060410] Last level iTLB entries: 4KB 64, 2MB 8, 4MB 8
[    0.064004] Last level dTLB entries: 4KB 64, 2MB 0, 4MB 0, 1GB 4
[    0.068007] Spectre V1 : Mitigation: usercopy/swapgs barriers and __user pointer sanitization
[    0.072007] Spectre V2 : Mitigation: Full generic retpoline
[    0.076006] Spectre V2 : Spectre v2 / SpectreRSB mitigation: Filling RSB on context switch
[    0.080006] Speculative Store Bypass: Vulnerable
[    0.084048] MDS: Mitigation: Clear CPU buffers
[    0.088276] Freeing SMP alternatives memory: 36K
[    0.207762] smpboot: CPU0: Intel(R) Core(TM) i5-6300U CPU @ 2.40GHz (family: 0x6, model: 0x4e, stepping: 0x3)
[    0.208944] Performance Events: unsupported p6 CPU model 78 no PMU driver, software events only.
[    0.212200] Hierarchical SRCU implementation.
[    0.217159] NMI watchdog: Perf event create on CPU 0 failed with -2
[    0.220115] NMI watchdog: Perf NMI watchdog permanently disabled
[    0.228260] smp: Bringing up secondary CPUs ...
[    0.236812] x86: Booting SMP configuration:
[    0.240005] .... node  #0, CPUs:      #1
[    0.004000] kvm-clock: cpu 1, msr 0:3ff44041, secondary cpu clock
[    0.259702] TSC synchronization [CPU#0 -> CPU#1]:
[    0.260000] Measured 101059 cycles TSC warp between CPUs, turning off TSC clock.
[    0.260000] tsc: Marking TSC unstable due to check_tsc_sync_source failed
[    0.268388] smp: Brought up 1 node, 2 CPUs
[    0.272007] smpboot: Max logical packages: 1
[    0.276005] smpboot: Total of 2 processors activated (9983.99 BogoMIPS)
[    0.288750] devtmpfs: initialized
[    0.292145] x86/mm: Memory block size: 128MB
[    0.300444] evm: security.selinux
[    0.304003] evm: security.SMACK64
[    0.308005] evm: security.SMACK64EXEC
[    0.312003] evm: security.SMACK64TRANSMUTE
[    0.316003] evm: security.SMACK64MMAP
[    0.320003] evm: security.apparmor
[    0.324003] evm: security.ima
[    0.328004] evm: security.capability
[    0.332715] clocksource: jiffies: mask: 0xffffffff max_cycles: 0xffffffff, max_idle_ns: 7645041785100000 ns
[    0.336012] futex hash table entries: 512 (order: 3, 32768 bytes)
[    0.340252] pinctrl core: initialized pinctrl subsystem
[    0.344861] RTC time:  6:09:05, date: 01/07/22
[    0.349808] NET: Registered protocol family 16
[    0.352173] audit: initializing netlink subsys (disabled)
[    0.356273] audit: type=2000 audit(1641535754.138:1): state=initialized audit_enabled=0 res=1
[    0.372113] cpuidle: using governor ladder
[    0.376011] cpuidle: using governor menu
[    0.380047] ACPI: bus type PCI registered
[    0.384004] acpiphp: ACPI Hot Plug PCI Controller Driver version: 0.5
[    0.388807] PCI: Using configuration type 1 for base access
[    0.400166] HugeTLB registered 2.00 MiB page size, pre-allocated 0 pages
[    0.408652] ACPI: Added _OSI(Module Device)
[    0.412006] ACPI: Added _OSI(Processor Device)
[    0.416004] ACPI: Added _OSI(3.0 _SCP Extensions)
[    0.420004] ACPI: Added _OSI(Processor Aggregator Device)
[    0.424005] ACPI: Added _OSI(Linux-Dell-Video)
[    0.428007] ACPI: Added _OSI(Linux-Lenovo-NV-HDMI-Audio)
[    0.432009] ACPI: Added _OSI(Linux-HPI-Hybrid-Graphics)
[    0.437264] ACPI: Executed 1 blocks of module-level executable AML code
[    0.450059] ACPI: Interpreter enabled
[    0.452018] ACPI: (supports S0 S5)
[    0.456005] ACPI: Using IOAPIC for interrupt routing
[    0.464449] PCI: Using host bridge windows from ACPI; if necessary, use "pci=nocrs" and report a bug
[    0.468352] ACPI: Enabled 2 GPEs in block 00 to 07
[    0.489772] ACPI: PCI Root Bridge [PCI0] (domain 0000 [bus 00-ff])
[    0.492016] acpi PNP0A03:00: _OSC: OS supports [ASPM ClockPM Segments MSI]
[    0.497149] acpi PNP0A03:00: _OSC: not requesting OS control; OS requires [ExtendedConfig ASPM ClockPM MSI]
[    0.500017] acpi PNP0A03:00: fail to add MMCONFIG information, can't access extended PCI configuration space under this bridge.
[    0.505134] PCI host bridge to bus 0000:00
[    0.508006] pci_bus 0000:00: root bus resource [io  0x0000-0x0cf7 window]
[    0.512013] pci_bus 0000:00: root bus resource [io  0x0d00-0xffff window]
[    0.516006] pci_bus 0000:00: root bus resource [mem 0x000a0000-0x000bffff window]
[    0.520008] pci_bus 0000:00: root bus resource [mem 0x40000000-0xfdffffff window]
[    0.524006] pci_bus 0000:00: root bus resource [bus 00-ff]
[    0.541351] pci 0000:00:01.1: legacy IDE quirk: reg 0x10: [io  0x01f0-0x01f7]
[    0.544005] pci 0000:00:01.1: legacy IDE quirk: reg 0x14: [io  0x03f6]
[    0.548004] pci 0000:00:01.1: legacy IDE quirk: reg 0x18: [io  0x0170-0x0177]
[    0.552005] pci 0000:00:01.1: legacy IDE quirk: reg 0x1c: [io  0x0376]
[    0.649482] pci 0000:00:07.0: quirk: [io  0x4000-0x403f] claimed by PIIX4 ACPI
[    0.668087] pci 0000:00:07.0: quirk: [io  0x4100-0x410f] claimed by PIIX4 SMB
[    0.708133] ACPI: PCI Interrupt Link [LNKA] (IRQs 5 9 10 *11)
[    0.724986] ACPI: PCI Interrupt Link [LNKB] (IRQs 5 9 *10 11)
[    0.740307] ACPI: PCI Interrupt Link [LNKC] (IRQs 5 *9 10 11)
[    0.756327] ACPI: PCI Interrupt Link [LNKD] (IRQs 5 9 10 *11)
[    0.773040] SCSI subsystem initialized
[    0.784344] pci 0000:00:02.0: vgaarb: setting as boot VGA device
[    0.788000] pci 0000:00:02.0: vgaarb: VGA device added: decodes=io+mem,owns=io+mem,locks=none
[    0.824009] pci 0000:00:02.0: vgaarb: bridge control possible
[    0.836004] vgaarb: loaded
[    0.844095] ACPI: bus type USB registered
[    0.856053] usbcore: registered new interface driver usbfs
[    0.868031] usbcore: registered new interface driver hub
[    0.880025] usbcore: registered new device driver usb
[    0.900313] EDAC MC: Ver: 3.0.0
[    0.916388] PCI: Using ACPI for IRQ routing
[    0.932121] NetLabel: Initializing
[    0.940004] NetLabel:  domain hash size = 128
[    0.952018] NetLabel:  protocols = UNLABELED CIPSOv4 CALIPSO
[    0.968028] NetLabel:  unlabeled traffic allowed by default
[    0.984568] clocksource: Switched to clocksource kvm-clock
[    1.111477] VFS: Disk quotas dquot_6.6.0
[    1.120363] VFS: Dquot-cache hash table entries: 512 (order 0, 4096 bytes)
[    1.134868] AppArmor: AppArmor Filesystem Enabled
[    1.144423] pnp: PnP ACPI init
[    1.154896] pnp: PnP ACPI: found 3 devices
[    1.173980] clocksource: acpi_pm: mask: 0xffffff max_cycles: 0xffffff, max_idle_ns: 2085701024 ns
[    1.186354] NET: Registered protocol family 2
[    1.193250] IP idents hash table entries: 16384 (order: 5, 131072 bytes)
[    1.203140] TCP established hash table entries: 8192 (order: 4, 65536 bytes)
[    1.212891] TCP bind hash table entries: 8192 (order: 5, 131072 bytes)
[    1.222254] TCP: Hash tables configured (established 8192 bind 8192)
[    1.232007] UDP hash table entries: 512 (order: 2, 16384 bytes)
[    1.240377] UDP-Lite hash table entries: 512 (order: 2, 16384 bytes)
[    1.249472] NET: Registered protocol family 1
[    1.256602] pci 0000:00:00.0: Limiting direct PCI/PCI transfers
[    1.265007] pci 0000:00:01.0: Activating ISA DMA hang workarounds
[    1.274454] pci 0000:00:02.0: Video device with shadowed ROM at [mem 0x000c0000-0x000dffff]
[    1.286271] Unpacking initramfs...
[    2.031470] Freeing initrd memory: 19532K
[    2.038092] clocksource: tsc: mask: 0xffffffffffffffff max_cycles: 0x23fa754787d, max_idle_ns: 440795210092 ns
[    2.051706] platform rtc_cmos: registered platform RTC device (no PNP device found)
[    2.062471] Scanning for low memory corruption every 60 seconds
[    2.073565] Initialise system trusted keyrings
[    2.080764] Key type blacklist registered
[    2.087727] workingset: timestamp_bits=36 max_order=18 bucket_order=0
[    2.099945] zbud: loaded
[    2.106297] squashfs: version 4.0 (2009/01/31) Phillip Lougher
[    2.115659] fuse init (API version 7.26)
[    2.150677] Key type asymmetric registered
[    2.158923] Asymmetric key parser 'x509' registered
[    2.170712] Block layer SCSI generic (bsg) driver version 0.4 loaded (major 246)
[    2.187960] io scheduler noop registered
[    2.198142] io scheduler deadline registered
[    2.208919] io scheduler cfq registered (default)
[    2.221798] ACPI: AC Adapter [AC] (on-line)
[    2.230935] input: Power Button as /devices/LNXSYSTM:00/LNXPWRBN:00/input/input0
[    2.247960] ACPI: Power Button [PWRF]
[    2.256555] input: Sleep Button as /devices/LNXSYSTM:00/LNXSLPBN:00/input/input1
[    2.271521] ACPI: Sleep Button [SLPF]
[    2.281707] Serial: 8250/16550 driver, 32 ports, IRQ sharing enabled
[    2.285547] ACPI: Battery Slot [BAT0] (battery present)
[    2.341524] 00:02: ttyS0 at I/O 0x3f8 (irq = 4, base_baud = 115200) is a 16550A
[    2.356316] Linux agpgart interface v0.103
[    2.366347] loop: module loaded
[    2.375041] scsi host0: ata_piix
[    2.381588] scsi host1: ata_piix
[    2.387188] ata1: PATA max UDMA/33 cmd 0x1f0 ctl 0x3f6 bmdma 0xd000 irq 14
[    2.397244] ata2: PATA max UDMA/33 cmd 0x170 ctl 0x376 bmdma 0xd008 irq 15
[    2.407273] libphy: Fixed MDIO Bus: probed
[    2.414571] tun: Universal TUN/TAP device driver, 1.6
[    2.422560] PPP generic driver version 2.4.2
[    2.429571] ehci_hcd: USB 2.0 'Enhanced' Host Controller (EHCI) Driver
[    2.439552] ehci-pci: EHCI PCI platform driver
[    2.446506] ehci-platform: EHCI generic platform driver
[    2.454083] ohci_hcd: USB 1.1 'Open' Host Controller (OHCI) Driver
[    2.463123] ohci-pci: OHCI PCI platform driver
[    2.470041] ohci-platform: OHCI generic platform driver
[    2.477886] uhci_hcd: USB Universal Host Controller Interface driver
[    2.487539] i8042: PNP: PS/2 Controller [PNP0303:PS2K,PNP0f03:PS2M] at 0x60,0x64 irq 1,12
[    2.504698] serio: i8042 KBD port at 0x60,0x64 irq 1
[    2.512580] serio: i8042 AUX port at 0x60,0x64 irq 12
[    2.520634] mousedev: PS/2 mouse device common for all mice
[    2.531437] input: AT Translated Set 2 keyboard as /devices/platform/i8042/serio0/input/input2
[    2.538898] rtc_cmos rtc_cmos: rtc core: registered rtc_cmos as rtc0
[    2.556821] rtc_cmos rtc_cmos: alarms up to one day, 114 bytes nvram
[    2.565506] i2c /dev entries driver
[    2.572220] device-mapper: uevent: version 1.0.3
[    2.580560] device-mapper: ioctl: 4.37.0-ioctl (2017-09-20) initialised: dm-devel@redhat.com
[    2.604803] ledtrig-cpu: registered to indicate activity on CPUs
[    2.641469] NET: Registered protocol family 10
[    2.661757] Segment Routing with IPv6
[    2.668509] NET: Registered protocol family 17
[    2.675946] Key type dns_resolver registered
[    2.683546] mce: Using 0 MCE banks
[    2.689419] RAS: Correctable Errors collector initialized.
[    2.697873] sched_clock: Marking stable (2697809598, 0)->(4143085493, -1445275895)
[    2.714932] registered taskstats version 1
[    2.722313] Loading compiled-in X.509 certificates
[    2.736347] Loaded X.509 cert 'Build time autogenerated kernel key: 408b96eb428cbe545a63e9a677d083d5c6df802b'
[    2.751754] Loaded X.509 cert 'Canonical Ltd. Live Patch Signing: 14df34d1a87cf37625abec039ef2bf521249b969'
[    2.765404] Loaded X.509 cert 'Canonical Ltd. Kernel Module Signing: 88f752e560a1e0737e31163a466ad7b70a850c19'
[    2.778523] blacklist: Loading compiled-in revocation X.509 certificates
[    2.789287] Loaded X.509 cert 'Canonical Ltd. Secure Boot Signing: 61482aa2830d0ab2ad5af10b7250da9033ddcef0'
[    2.803790] zswap: loaded using pool lzo/zbud
[    2.827024] Key type big_key registered
[    2.833533] Key type trusted registered
[    2.845835] Key type encrypted registered
[    2.852376] AppArmor: AppArmor sha1 policy hashing enabled
[    2.860466] ima: No TPM chip found, activating TPM-bypass! (rc=-19)
[    2.869474] ima: Allocated hash algorithm: sha1
[    2.876448] evm: HMAC attrs: 0x1
[    2.882662]   Magic number: 6:743:164
[    2.889603] rtc_cmos rtc_cmos: setting system clock to 2022-01-07 06:09:08 UTC (1641535748)
[    2.902906] BIOS EDD facility v0.16 2004-Jun-25, 0 devices found
[    2.911370] EDD information not available.
[    2.923309] Freeing unused kernel image memory: 2448K
[    2.944957] Write protecting the kernel read-only data: 20480k
[    2.960103] Freeing unused kernel image memory: 2008K
[    2.967834] Freeing unused kernel image memory: 1824K
[    2.982414] x86/mm: Checked W+X mappings: passed, no W+X pages found.
[    2.991154] x86/mm: Checking user space page tables
[    3.005117] x86/mm: Checked W+X mappings: passed, no W+X pages found.
Loading, please wait...
starting version 237
[    3.154875] e1000: Intel(R) PRO/1000 Network Driver - version 7.3.21-k8-NAPI
[    3.167780] e1000: Copyright (c) 1999-2006 Intel Corporation.
[    3.185667] Fusion MPT base driver 3.04.20
[    3.193946] Copyright (c) 1999-2008 LSI Corporation
[    3.251247] Fusion MPT SPI Host driver 3.04.20
[    3.551567] input: ImExPS/2 Generic Explorer Mouse as /devices/platform/i8042/serio1/input/input4
[    4.120167] e1000 0000:00:03.0 eth0: (PCI:33MHz:32-bit) 02:24:5f:5f:ac:56
[    4.129270] e1000 0000:00:03.0 eth0: Intel(R) PRO/1000 Network Connection
[    4.149136] mptbase: ioc0: Initiating bringup
[    4.149695] e1000 0000:00:03.0 enp0s3: renamed from eth0
[    4.288357] ioc0: LSI53C1030 A0: Capabilities={Initiator}
[    4.567335] scsi host2: ioc0: LSI53C1030 A0, FwRev=00000000h, Ports=1, MaxQ=256, IRQ=20
[    4.758909] scsi 2:0:0:0: Direct-Access     VBOX     HARDDISK         1.0  PQ: 0 ANSI: 5
[    5.522568] scsi target2:0:0: Beginning Domain Validation
[    5.562314] scsi target2:0:0: Domain Validation skipping write tests
[    5.570651] scsi target2:0:0: Ending Domain Validation
[    5.578132] scsi target2:0:0: asynchronous
[    5.587487] random: fast init done
[    5.592779] scsi 2:0:1:0: Direct-Access     VBOX     HARDDISK         1.0  PQ: 0 ANSI: 5
[    5.793580] scsi target2:0:1: Beginning Domain Validation
[    5.812946] scsi target2:0:1: Domain Validation skipping write tests
[    5.821490] scsi target2:0:1: Ending Domain Validation
[    5.829238] scsi target2:0:1: asynchronous
[    5.849601] random: systemd-udevd: uninitialized urandom read (16 bytes read)
[    5.858149] random: systemd-udevd: uninitialized urandom read (16 bytes read)
[    5.866901] random: systemd-udevd: uninitialized urandom read (16 bytes read)
[    5.877834] sd 2:0:0:0: Attached scsi generic sg0 type 0
[    5.885812] sd 2:0:0:0: [sda] 83886080 512-byte logical blocks: (42.9 GB/40.0 GiB)
[    5.897644] sd 2:0:0:0: [sda] Write Protect is off
[    5.897806] sd 2:0:1:0: Attached scsi generic sg1 type 0
[    5.913656] sd 2:0:0:0: [sda] Incomplete mode parameter data
[    5.921325] sd 2:0:0:0: [sda] Assuming drive cache: write through
[    5.930153] sd 2:0:1:0: [sdb] 20480 512-byte logical blocks: (10.5 MB/10.0 MiB)
[    5.941015] sd 2:0:1:0: [sdb] Write Protect is off
[    5.949894] sd 2:0:1:0: [sdb] Incomplete mode parameter data
[    5.957773] sd 2:0:1:0: [sdb] Assuming drive cache: write through
[    5.961319]  sda: sda1
[    5.978835] sd 2:0:0:0: [sda] Attached SCSI disk
[    5.993086] sd 2:0:1:0: [sdb] Attached SCSI disk
Begin: Loading essential drivers ... [    8.792567] raid6: sse2x1   gen() 65669 MB/s
[   10.787938] raid6: sse2x1   xor() 152088 MB/s
[   11.785648] raid6: sse2x2   gen() 233925 MB/s
[   13.788114] raid6: sse2x2   xor() 178393 MB/s
[   13.858557] raid6: sse2x4   gen() 12829 MB/s
[   14.790408] raid6: sse2x4   xor() 171863 MB/s
[   14.797999] raid6: using algorithm sse2x2 gen() 233925 MB/s
[   14.805356] raid6: .... xor() 178393 MB/s, rmw enabled
[   14.812071] raid6: using ssse3x2 recovery algorithm
[   14.822604] xor: measuring software checksum speed
[   14.869014]    prefetch64-sse: 14212.000 MB/sec
[   14.916940]    generic_sse:  9386.000 MB/sec
[   14.925038] xor: using function: prefetch64-sse (14212.000 MB/sec)
[   14.940986] async_tx: api initialized (async)
done.
Begin: Running /scripts/init-premount ... done.
Begin: Mounting root file system ... Begin: Running /scripts/local-top ... done.
Begin: Running /scripts/local-premount ... [   15.050219] Btrfs loaded, crc32c=crc32c-intel
Scanning for Btrfs filesystems
done.
Warning: fsck not present, so skipping root file system
[   15.139966] EXT4-fs (sda1): mounted filesystem with ordered data mode. Opts: (null)
done.
Begin: Running /scripts/local-bottom ... done.
Begin: Running /scripts/init-bottom ... done.
[   15.461410] ip_tables: (C) 2000-2006 Netfilter Core Team
[   15.494578] systemd[1]: systemd 237 running in system mode. (+PAM +AUDIT +SELINUX +IMA +APPARMOR +SMACK +SYSVINIT +UTMP +LIBCRYPTSETUP +GCRYPT +GNUTLS +ACL +XZ +LZ4 +SECCOMP +BLKID +ELFUTILS +KMOD -IDN2 +IDN -PCRE2 default-hierarchy=hybrid)
[   15.523136] systemd[1]: Detected virtualization oracle.
[   15.530400] systemd[1]: Detected architecture x86-64.

Welcome to [1mUbuntu 18.04.6 LTS[0m!

[   15.585865] systemd[1]: Set hostname to <ubuntu>.
[   15.604040] systemd[1]: Initializing machine ID from random generator.
[   15.612874] systemd[1]: Installed transient /etc/machine-id file.
[   16.285364] systemd[1]: Set up automount Arbitrary Executable File Formats File System Automount Point.
[[0;32m  OK  [0m] Set up automount Arbitrary Executabâ€¦rmats File System Automount Point.
[   16.305970] systemd[1]: Reached target System Time Synchronized.
[[0;32m  OK  [0m] Reached target System Time Synchronized.
[   16.320726] systemd[1]: Reached target Swap.
[[0;32m  OK  [0m] Reached target Swap.
[   16.350296] systemd[1]: Created slice User and Session Slice.
[[0;32m  OK  [0m] Created slice User and Session Slice.
[[0;32m  OK  [0m] Created slice System Slice.
[[0;32m  OK  [0m] Listening on Journal Socket.
[[0;32m  OK  [0m] Listening on Syslog Socket.
         Mounting POSIX Message Queue File System...
[[0;32m  OK  [0m] Listening on /dev/initctl Compatibility Named Pipe.
[[0;32m  OK  [0m] Listening on udev Kernel Socket.
[[0;32m  OK  [0m] Listening on Network Service Netlink Socket.
[[0;32m  OK  [0m] Listening on LVM2 metadata daemon socket.
[[0;32m  OK  [0m] Reached target User and Group Name Lookups.
[[0;32m  OK  [0m] Listening on udev Control Socket.
         Starting Uncomplicated firewall...
[[0;32m  OK  [0m] Listening on Journal Audit Socket.
         Starting Set the console keyboard layout...
[[0;32m  OK  [0m] Listening on Device-mapper event daemon FIFOs.
         Mounting Huge Pages File System...
         Starting Create list of required stâ€¦ce nodes for the current kernel...
[[0;32m  OK  [0m] Listening on Journal Socket (/dev/log).
         Starting Journal Service...
         Starting Load Kernel Modules...
[[0;32m  OK  [0m] Reached target Slices.
[[0;32m  OK  [0m] Started Forward Password Requests to Wall Directory Watch.[   16.555428] Loading iSCSI transport class v2.0-870.

[[0;32m  OK  [0m] Listening on LVM2 poll daemon socket.
         Mounting Kernel Debug File System...
         Starting Monitoring of LVM2 mirrorsâ€¦ng dmeventd or progress polling...
[[0;32m  OK  [0m] Created slice system-serial\x2dgetty.slice.
[[0;32m  OK  [0m] Listening on fsck to fsckd communication Socket.
         [   16.634519] iscsi: registered transport (tcp)
Starting File System Check on Root Device...
         Starting udev Coldplug all Devices...
[[0;32m  OK  [0m] Mounted POSIX Message Queue File System.
[[0;32m  OK  [0m] Started Uncomplicated firewall.
[[0;32m  OK  [0m] Mounted Huge Pages File System.
[[0;32m  OK  [0m] Started Create list of required staâ€¦vice nodes for the current kernel.
[[0;32m  OK  [0m] Mounted Kernel Debug File System.
[[0;32m  OK  [0m] Started File System Check Daemon to report status.
         Starting Create Static Device Nodes in /dev...
[[0;32m  OK  [0m] Started Journal Service.
[[0;32m  OK  [0m] Started LVM2 metadata daemon.
[[0;32m  OK  [0m] Started Create Static Device Nodes in /dev.
[[0;32m  OK  [0m] Started udev Coldplug all Devices.
[[0;32m  OK  [0m] Started File System Check on Root Device.
         Starting Remount Root and Kernel File Systems...
[   16.977023] iscsi: registered transport (iser)
[   16.984506] EXT4-fs (sda1): re-mounted. Opts: (null)
[[0;32m  OK  [0m] Started Remount Root and Kernel File Systems.
[[0;32m  OK  [0m] Started Set the console keyboard layout.
[[0;32m  OK  [0m] Started Load Kernel Modules.
[[0;32m  OK  [0m] Started Monitoring of LVM2 mirrors,â€¦sing dmeventd or progress polling.
         Mounting FUSE Control File System...
         Mounting Kernel Configuration File System...
         Starting Apply Kernel Variables...
[[0;32m  OK  [0m] Reached target Local File Systems (Pre).
         Starting udev Kernel Device Manager...
         Starting Flush Journal to Persistent Storage...
         Starting Load/Save Random Seed...
[[0;32m  OK  [0m] Reached target Local File Systems.
         Starting Tell Plymouth To Write Out Runtime Data...
         Starting AppArmor initialization...
         Starting Set console font and keymap...
         Starting Commit a transient machine-id on disk...
         Starting ebtables ruleset management...
[[0;32m  OK  [0m] Mounted FUSE Control File System.
[[0;32m  OK  [0m] Mounted Kernel Configuration File System.
[[0;32m  OK  [0m] Started udev Kernel Device Manager.
[[0;32m  OK  [0m] Started Dispatch Password Requests to Console Directory Watch.
[[0;32m  OK  [0m] Reached target Local Encrypted Volumes.
[[0;32m  OK  [0m] Started Apply Kernel Variables.
[[0;32m  OK  [0m] Started Tell Plymouth To Write Out Runtime Data.
[[0;32m  OK  [0m] Started Set console font and keymap.
[[0;32m  OK  [0m] Started Load/Save Random Seed.
[[0;32m  OK  [0m] Started Flush Journal to Persistent Storage.
[[0;32m  OK  [0m] Started Commit a transient machine-id on disk.
         Starting Create Volatile Files and Directories...
[[0;32m  OK  [0m] Started Create Volatile Files and Directories.
[[0;32m  OK  [0m] Started ebtables ruleset management.
         Starting Update UTMP about System Boot/Shutdown...
[[0;32m  OK  [0m] Started Update UTMP about System Boot/Shutdown.
[[0;32m  OK  [0m] Found device /dev/ttyS0.
[[0;32m  OK  [0m] Listening on Load/Save RF Kill Switch Status /dev/rfkill Watch.
[[0;32m  OK  [0m] Started AppArmor initialization.
         Starting Initial cloud-init job (pre-networking)...
         Starting Load AppArmor profiles managed internally by snapd...
[[0;32m  OK  [0m] Started Load AppArmor profiles managed internally by snapd.
[   21.552989] cloud-init[547]: Cloud-init v. 21.4-0ubuntu1~18.04.1 running 'init-local' at Fri, 07 Jan 2022 06:09:26 +0000. Up 20.99 seconds.
[[0;32m  OK  [0m] Started Initial cloud-init job (pre-networking).
[[0;32m  OK  [0m] Reached target Network (Pre).
         Starting Network Service...
[[0;32m  OK  [0m] Started Network Service.
         Starting Wait for Network to be Configured...
         Starting Network Name Resolution...
[[0;32m  OK  [0m] Started Network Name Resolution.
[[0;32m  OK  [0m] Reached target Network.
[[0;32m  OK  [0m] Reached target Host and Network Name Lookups.
[[0;32m  OK  [0m] Started Wait for Network to be Configured.
         Starting Initial cloud-init job (metadata service crawler)...
[   24.238968] cloud-init[656]: Cloud-init v. 21.4-0ubuntu1~18.04.1 running 'init' at Fri, 07 Jan 2022 06:09:29 +0000. Up 23.96 seconds.
[   24.248928] cloud-init[656]: ci-info: ++++++++++++++++++++++++++++++++++++++Net device info++++++++++++++++++++++++++++++++++++++
[   24.258665] cloud-init[656]: ci-info: +--------+------+----------------------------+---------------+--------+-------------------+
[   24.269662] cloud-init[656]: ci-info: | Device |  Up  |          Address           |      Mask     | Scope  |     Hw-Address    |
[   24.281201] cloud-init[656]: ci-info: +--------+------+----------------------------+---------------+--------+-------------------+
[   24.291887] cloud-init[656]: ci-info: | enp0s3 | True |         10.0.2.15          | 255.255.255.0 | global | 02:24:5f:5f:ac:56 |
[   24.301301] cloud-init[656]: ci-info: | enp0s3 | True | fe80::24:5fff:fe5f:ac56/64 |       .       |  link  | 02:24:5f:5f:ac:56 |
[   24.311441] cloud-init[656]: ci-info: |   lo   | True |         127.0.0.1          |   255.0.0.0   |  host  |         .         |
[   24.320926] cloud-init[656]: ci-info: |   lo   | True |          ::1/128           |       .       |  host  |         .         |
[   24.330195] cloud-init[656]: ci-info: +--------+------+----------------------------+---------------+--------+-------------------+
[   24.339180] cloud-init[656]: ci-info: ++++++++++++++++++++++++++++Route IPv4 info+++++++++++++++++++++++++++++
[   24.347562] cloud-init[656]: ci-info: +-------+-------------+----------+-----------------+-----------+-------+
[   24.357122] cloud-init[656]: ci-info: | Route | Destination | Gateway  |     Genmask     | Interface | Flags |
[   24.365485] cloud-init[656]: ci-info: +-------+-------------+----------+-----------------+-----------+-------+
[   24.373055] cloud-init[656]: ci-info: |   0   |   0.0.0.0   | 10.0.2.2 |     0.0.0.0     |   enp0s3  |   UG  |
[   24.380994] cloud-init[656]: ci-info: |   1   |   10.0.2.0  | 0.0.0.0  |  255.255.255.0  |   enp0s3  |   U   |
[   24.388857] cloud-init[656]: ci-info: |   2   |   10.0.2.2  | 0.0.0.0  | 255.255.255.255 |   enp0s3  |   UH  |
[   24.395526] cloud-init[656]: ci-info: +-------+-------------+----------+-----------------+-----------+-------+
[   24.402309] cloud-init[656]: ci-info: +++++++++++++++++++Route IPv6 info+++++++++++++++++++
[   24.407979] cloud-init[656]: ci-info: +-------+-------------+---------+-----------+-------+
[   24.414063] cloud-init[656]: ci-info: | Route | Destination | Gateway | Interface | Flags |
[   24.420431] cloud-init[656]: ci-info: +-------+-------------+---------+-----------+-------+
[   24.426725] cloud-init[656]: ci-info: |   1   |  fe80::/64  |    ::   |   enp0s3  |   U   |
[   24.433555] cloud-init[656]: ci-info: |   3   |    local    |    ::   |   enp0s3  |   U   |
[   24.440916] cloud-init[656]: ci-info: |   4   |   ff00::/8  |    ::   |   enp0s3  |   U   |
[   24.449192] cloud-init[656]: ci-info: +-------+-------------+---------+-----------+-------+
[   26.154685] cloud-init[656]: Generating public/private rsa key pair.
[   26.160600] cloud-init[656]: Your identification has been saved in /etc/ssh/ssh_host_rsa_key.
[   26.167718] cloud-init[656]: Your public key has been saved in /etc/ssh/ssh_host_rsa_key.pub.
[   26.174488] cloud-init[656]: The key fingerprint is:
[   26.179010] cloud-init[656]: SHA256:j1wu+WtdH627SanYVxhTQZymB2qMJrNynrpYgA0rxLA root@ubuntu-bionic
[   26.185976] cloud-init[656]: The key's randomart image is:
[   26.189875] cloud-init[656]: +---[RSA 2048]----+
[   26.193903] cloud-init[656]: |.             ooo|
[   26.198088] cloud-init[656]: |o.           . +.|
[   26.202999] cloud-init[656]: |E+        o . +. |
[   26.207601] cloud-init[656]: |. =    o o + .o. |
[   26.212667] cloud-init[656]: |.o o    S o   .+.|
[   26.223797] cloud-init[656]: |.   .. + *    ooo|
[   26.240875] cloud-init[656]: |     .+ * o. .o+.|
[   26.250681] cloud-init[656]: |    o  o o.o.oo..|
[   26.261718] cloud-init[656]: |   . oo  .+.o.+o |
[   26.272728] cloud-init[656]: +----[SHA256]-----+
[   26.283205] cloud-init[656]: Generating public/private dsa key pair.
[   26.295502] cloud-init[656]: Your identification has been saved in /etc/ssh/ssh_host_dsa_key.
[   26.309326] cloud-init[656]: Your public key has been saved in /etc/ssh/ssh_host_dsa_key.pub.
[   26.323806] cloud-init[656]: The key fingerprint is:
[   26.332952] cloud-init[656]: SHA256:Fc/zqI9PBEFkm+TTou6CxVOn5tQx/0yfhJm3fXuOqow root@ubuntu-bionic
[[0;32m  OK  [0m] Started Initial cloud-init job (metadata service crawler).
[[0;32m  OK  [0m] Reached target Cloud-config availability.
[[0;32m  OK  [0m] Reached target System Initialization.
[   26.363029] cloud-init         Starting Socket activation for snappy daemon.
[[0;32m  OK  [0m] Started ACPI Events Check.
[[0;32m  OK  [0m] Listening on D-Bus System Message Bus Socket.
[[0;32m  OK  [0m] Listening on UUID daemon activation socket.
[[0;32m  OK  [0m] Started Discard unused blocks once a week.
         Starting LXD - unix socket.
[[0;32m  OK  [0m] Started Daily apt download activities.
[[0;32m  OK  [0m] Started Daily apt upgrade and clean activities.
[[0;32m  OK  [0m] Started Message of the Day.
[[0;32m  OK  [0m] Listening on ACPID Listen Socket.
[[0;32m  OK  [0m] Started Daily Cleanup of Temporary Directories.
[[0;32m  OK  [0m] Started Trigger to poll for Ubuntu â€¦(Only enabled on GCP LTS non-pro).
[[0;32m  OK  [0m] Reached target Paths.
[[0;32m  OK  [0m] Listening on Open-iSCSI iscsid Socket.
[[0;32m  OK  [0m] Listening on cloud-init hotplug hook socket.
[[0;32m  OK  [0m] Started Ubuntu Advantage Timer for running repeated jobs.
[[0;32m  OK  [0m] Reached target Timers.
[[0;32m  OK  [0m] Reached target Network is Online.
[[0;32m  OK  [0m] Reached target Remote File Systems (Pre).
[[0;32m  OK  [0m] Reached target Remote File Systems.
         Starting Availability of block devices...
[[0;32m  OK  [0m] Listening on Socket activation for snappy daemon.
[[0;32m  OK  [0m] Listening on LXD - unix socket.
[[0;32m  OK  [0m] Reached target Sockets.
[[0;32m  OK  [0m] Reached target Basic System.
[[0;32m  OK  [0m] Started Deferred execution scheduler.
         Starting Dispatcher daemon for systemd-networkd...
[656]: The key's randomart image is:
         Starting Login Service...
[[0;32m  OK  [0m] Started D-Bus System Message Bus.
[   26.515581] cloud-init[656]: +---[DSA 1024]----+
[   26.554865] cloud-init[656]: |         oB      |
[   26.570727] cloud-init[656]: |         + O     |
[   26.581782] cloud-init[656]: |          O =    |
[   26.592225] cloud-init[656]: |        .o++ +   |
[   26.603263] cloud-init[656]: |     . .S+ +o =  |
[   26.614266] cloud-init[656]: |      +.+ .o.+.o |
[   26.625798] cloud-init[656]: |     o =. . .+o.+|
[   26.641092] cloud-init[656]: |    . ...o +  o+=|
[   26.663741] cloud-init[656]: |       .E +o+..o=|
[   26.674381] cloud-init[656]: +----[SHA256]-----+
[[0;32m  OK  [0m] Started irqbalance daemon.
[   26.702795] cloud-init[656]:          Starting Snap Daemon...
         Starting LSB: Record successful boot for GRUB...
         Starting Permit User Sessions...
         Starting Accounts Service...
Generating public/private ecdsa key pair.         Starting System Logging Service...
         Starting LXD - container startup/shutdown...
         Starting LSB: automatic crash report generation...
[[0;32m  OK  [0m] Started FUSE filesystem for LXC.
         Starting Virtualbox guest utils...

[   26.808196] cloud-init[656]: Your identification has been saved in /etc/ssh/ssh_host_ecdsa_key.
[   26.857982]          Starting Pollinate to seed the pseudo random number generator...
cloud-init[656]: Your public key has been saved in /etc/ssh/ssh_host_ecdsa_key.pub.
[   26.882071] cloud-init[656]: The key fingerprint is:
[   26.917693] cloud-init[656]: SHA256:uK15szKZuyxsKDRqvP/y2rZx20FcXLA/XjqZ45HUevQ root@ubuntu-bionic
[   26.958130] cloud-init[656]: The key's randomart image is:[[0;32m  OK  [0m] Started Regular background program processing daemon.
[[0;32m  OK  [0m] Started System Logging Service.
[[0;32m  OK  [0m] Started Availability of block devices.

[[0;32m  OK  [0m] Started Permit User Sessions.
[   27.031449] cloud-init[[0;32m  OK  [0m] Started Login Service.
[656]: [[0;32m  OK  [0m] Started Unattended Upgrades Shutdown.
+---[ECDSA 256]---+         Starting Hold until boot process finishes up...
         Starting Terminate Plymouth Boot Screen...

[   27.083048] cloud-init[[0;32m  OK  [0m] Started Hold until boot process finishes up.
[[0;32m  OK  [0m] Started Serial Getty on ttyS0.
[656]:          Starting Set console scheme...
|           ...   |[[0;32m  OK  [0m] Started Terminate Plymouth Boot Screen.

[   27.159565] cloud-init[656]: |          . o    |
[   27.202094] cloud-init[656]: |           +     |
[   27.262102] cloud-init[656]: |       .. . . .  |
[   27.299497] cloud-init[656]: |      . So   + + |
[   27.354077] cloud-init[656]: | o     o.   o X .|
[   27.378197] cloud-init[656]: |+ .o ..+..   @ .E|
[   27.418156] [[0;32m  OK  [0m] Started Set console scheme.
[[0;32m  OK  [0m] Created slice system-getty.slice.
cloud-init[656]: |oo..=oBo= . . =  |[[0;32m  OK  [0m] Started Getty on tty1.
[[0;32m  OK  [0m] Reached target Login Prompts.

[   27.460905] cloud-init         Starting Authorization Manager...
[656]: |.oo+**BB.+   .   |[[0;32m  OK  [0m] Started LSB: automatic crash report generation.

[   27.494836] cloud-init[656]: +----[SHA256]-----+
[   27.514766] cloud-init[656]: Generating public/private ed25519 key pair.
[   27.547676] cloud-init[656]: Your identification has been saved in /etc/ssh/ssh_host_ed25519_key.
[   27.595406] cloud-init[656]: Your public key has been saved in /etc/ssh/ssh_host_ed25519_key.pub.
[   27.613555] cloud-init[656]: The key fingerprint is:
[   27.626211] cloud-init[656]: SHA256:6wWZCR50qByMs2mCX4GC6qOjazFJuwZSUyho6FSsHMQ root@ubuntu-bionic
[   27.643033] cloud-init[656]: The key's randomart image is:
[   27.655542] cloud-init[656]: +--[ED25519 256]--+
[   27.675595] cloud-init[656]: |*.o*  ...        |
[   27.700907] cloud-init[656]: |*E=.=...         |
[   27.728955] cloud-init[656]: |Boo* +o          |
[   27.750548] cloud-init[656]: |+=* +. o +       |
[   27.765914] cloud-init[656]: |o=oo  . S        |
[   27.779755] cloud-init[656]: |oB.      o       |
[   27.798953] cloud-init[656]: |+ =     . .      |
[   27.820761] cloud-init[656]: |o+     . .       |
[   27.858342] cloud-init[656]: |*o      .        |
[   27.878664] cloud-init[656]: +----[SHA256]-----+
[[0;32m  OK  [0m] Started Authorization Manager.
[[0;32m  OK  [0m] Started Accounts Service.
[[0;32m  OK  [0m] Started LSB: Record successful boot for GRUB.
[[0;32m  OK  [0m] Started Virtualbox guest utils.
[[0;32m  OK  [0m] Started Dispatcher daemon for systemd-networkd.
[[0;32m  OK  [0m] Started LXD - container startup/shutdown.
[[0;32m  OK  [0m] Started Snap Daemon.
         Starting Wait until snapd is fully seeded...
[[0;32m  OK  [0m] Started Pollinate to seed the pseudo random number generator.
         Starting OpenBSD Secure Shell server...
[[0;32m  OK  [0m] Started OpenBSD Secure Shell server.
[[0;32m  OK  [0m] Created slice User Slice of vagrant.
         Starting User Manager for UID 1000...
[[0;32m  OK  [0m] Started Session 1 of user vagrant.
[[0;32m  OK  [0m] Started User Manager for UID 1000.

Ubuntu 18.04.6 LTS ubuntu-bionic ttyS0

ubuntu-bionic login: [   38.463576] cloud-init[1121]: Cloud-init v. 21.4-0ubuntu1~18.04.1 running 'modules:config' at Fri, 07 Jan 2022 06:09:42 +0000. Up 37.23 seconds.
ci-info: no authorized SSH keys fingerprints found for user ubuntu.
<14>Jan  7 06:09:45 cloud-init: #############################################################
<14>Jan  7 06:09:45 cloud-init: -----BEGIN SSH HOST KEY FINGERPRINTS-----
<14>Jan  7 06:09:45 cloud-init: 1024 SHA256:Fc/zqI9PBEFkm+TTou6CxVOn5tQx/0yfhJm3fXuOqow root@ubuntu-bionic (DSA)
<14>Jan  7 06:09:45 cloud-init: 256 SHA256:uK15szKZuyxsKDRqvP/y2rZx20FcXLA/XjqZ45HUevQ root@ubuntu-bionic (ECDSA)
<14>Jan  7 06:09:45 cloud-init: 256 SHA256:6wWZCR50qByMs2mCX4GC6qOjazFJuwZSUyho6FSsHMQ root@ubuntu-bionic (ED25519)
<14>Jan  7 06:09:45 cloud-init: 2048 SHA256:j1wu+WtdH627SanYVxhTQZymB2qMJrNynrpYgA0rxLA root@ubuntu-bionic (RSA)
<14>Jan  7 06:09:45 cloud-init: -----END SSH HOST KEY FINGERPRINTS-----
<14>Jan  7 06:09:45 cloud-init: #############################################################
-----BEGIN SSH HOST KEY KEYS-----
ecdsa-sha2-nistp256 AAAAE2VjZHNhLXNoYTItbmlzdHAyNTYAAAAIbmlzdHAyNTYAAABBBNYI5qsDtWjae7OEv7aS8mFi73cptUcTONtx0Pg5P6nDhu263KEJILxPETTg7/y2Vqpkp3Hzao/4HkoC4nwdekw= root@ubuntu-bionic
ssh-ed25519 AAAAC3NzaC1lZDI1NTE5AAAAIKObqYj2R0ev17QBXWzJLFJOK5MKIbL2m6UpqAskRuwv root@ubuntu-bionic
ssh-rsa AAAAB3NzaC1yc2EAAAADAQABAAABAQCiME1wg4bBsAa8dx4RWg1SRjQFy+OcH8LSMJq4ot+SfNDG1NsIpMIEnzysxZJDkRTJYuV+m9K74EZGDsNYW6skfRyOu00I0BggdeIPhGDOIRYj4KJZ+G8ten0uvjr6kH8lw0wAFty/4roCJirDAOVnRLXrVv9JR+ytdgqNNvC9FY7wQlBE0wKSawsgCP84ZtszWzoMuJ9UfuS4JllFQoA6RgrWznNFyqEnOp7GaBoBG1Q7LPJZm9/EmkDACWHXyQNzY3AU1PPZnJ7jKcby9NiKhzck3HTB3c9CfptVTXz3yPYZ/a463iZFVFxsSrjts/vOpi2VhxBd+MLA7Emxz5jN root@ubuntu-bionic
-----END SSH HOST KEY KEYS-----
[   40.234024] cloud-init[1261]: Cloud-init v. 21.4-0ubuntu1~18.04.1 running 'modules:final' at Fri, 07 Jan 2022 06:09:45 +0000. Up 39.61 seconds.
[   40.234326] cloud-init[1261]: ci-info: no authorized SSH keys fingerprints found for user ubuntu.
[   40.234452] cloud-init[1261]: Cloud-init v. 21.4-0ubuntu1~18.04.1 finished at Fri, 07 Jan 2022 06:09:45 +0000. Datasource DataSourceNoCloud [seed=/dev/sdb][dsmode=net].  Up 40.13 seconds
